2026-09-09 17:07:20 INFO ==== update_sections run started ====
2026-09-09 17:07:20 INFO Tools file: C:\Users\rusty\AppData\Local\Temp\opencode\tools_test.json
2026-09-09 17:07:20 DEBUG Loading tools from: C:\Users\rusty\AppData\Local\Temp\opencode\tools_test.json
2026-09-09 17:07:20 DEBUG Loaded 4 sections
2026-09-09 17:07:20 INFO Added new section 'new_section'
2026-09-09 17:07:20 DEBUG Saving tools to: C:\Users\rusty\AppData\Local\Temp\opencode\tools_test.json
2026-09-09 17:07:20 INFO Saved changes to C:\Users\rusty\AppData\Local\Temp\opencode\tools_test.json
2026-09-09 17:07:20 INFO tools.json now has 5 sections; 1 change(s) applied.
2026-09-09 17:07:20 INFO ==== update_sections run finished ====
2026-09-09 17:07:20 INFO ==== update_sections run started ====
2026-09-09 17:07:20 INFO Tools file: C:\Users\rusty\AppData\Local\Temp\opencode\tools_test.json
2026-09-09 17:07:20 DEBUG Loading tools from: C:\Users\rusty\AppData\Local\Temp\opencode\tools_test.json
2026-09-09 17:07:20 DEBUG Loaded 5 sections
2026-09-09 17:07:20 INFO ==== update_sections run started ====
2026-09-09 17:07:20 INFO Tools file: C:\Users\rusty\AppData\Local\Temp\opencode\tools_test.json
2026-09-09 17:07:20 DEBUG Loading tools from: C:\Users\rusty\AppData\Local\Temp\opencode\tools_test.json
2026-09-09 17:07:20 DEBUG Loaded 5 sections
2026-09-09 17:07:20 INFO Added tag 'mysql' to 'applications'
2026-09-09 17:07:20 DEBUG Saving tools to: C:\Users\rusty\AppData\Local\Temp\opencode\tools_test.json
2026-09-09 17:07:20 INFO Saved changes to C:\Users\rusty\AppData\Local\Temp\opencode\tools_test.json
2026-09-09 17:07:20 INFO tools.json now has 5 sections; 1 change(s) applied.
2026-09-09 17:07:20 INFO ==== update_sections run finished ====
2026-09-09 17:07:20 INFO ==== update_sections run started ====
2026-09-09 17:07:20 INFO Tools file: C:\Users\rusty\AppData\Local\Temp\opencode\tools_test.json
2026-09-09 17:07:20 DEBUG Loading tools from: C:\Users\rusty\AppData\Local\Temp\opencode\tools_test.json
2026-09-09 17:07:20 DEBUG Loaded 5 sections
2026-09-09 17:07:20 INFO Added tag 'sort' to 'new_section'
2026-09-09 17:07:20 DEBUG Saving tools to: C:\Users\rusty\AppData\Local\Temp\opencode\tools_test.json
2026-09-09 17:07:20 INFO Saved changes to C:\Users\rusty\AppData\Local\Temp\opencode\tools_test.json
2026-09-09 17:07:20 INFO tools.json now has 5 sections; 1 change(s) applied.
2026-09-09 17:07:20 INFO ==== update_sections run finished ====
2026-09-09 17:07:20 INFO ==== update_sections run started ====
2026-09-09 17:07:20 INFO Tools file: C:\Users\rusty\AppData\Local\Temp\opencode\tools_test.json
2026-09-09 17:07:20 DEBUG Loading tools from: C:\Users\rusty\AppData\Local\Temp\opencode\tools_test.json
2026-09-09 17:07:20 DEBUG Loaded 5 sections
2026-09-09 17:07:20 DEBUG Rebuilt section 'coding_languages' with 3 tags
2026-09-09 17:07:20 DEBUG Rebuilt section 'applications' with 13 tags
2026-09-09 17:07:20 DEBUG Rebuilt section 'libraries_or_modules' with 7 tags
2026-09-09 17:07:20 DEBUG Rebuilt section 'miscellaneous' with 6 tags
2026-09-09 17:07:20 DEBUG Rebuilt section 'new_section' with 1 tags
2026-09-09 17:07:20 INFO Rebuilt tools.json
2026-09-09 17:07:20 DEBUG Saving tools to: C:\Users\rusty\AppData\Local\Temp\opencode\tools_test.json
2026-09-09 17:07:20 INFO Saved changes to C:\Users\rusty\AppData\Local\Temp\opencode\tools_test.json
2026-09-09 17:07:20 INFO tools.json now has 5 sections; 1 change(s) applied.
2026-09-09 17:07:20 INFO ==== update_sections run finished ====
2026-09-09 17:09:35 INFO ==== update_sections run started ====
2026-09-09 17:09:35 INFO Tools file: C:\Users\rusty\AppData\Local\Temp\opencode\tools_test.json
2026-09-09 17:09:35 DEBUG Loading tools from: C:\Users\rusty\AppData\Local\Temp\opencode\tools_test.json
2026-09-09 17:09:35 DEBUG Loaded 4 sections
2026-09-09 17:09:35 INFO Added new section 'new_section'
2026-09-09 17:09:35 DEBUG Saving tools to: C:\Users\rusty\AppData\Local\Temp\opencode\tools_test.json
2026-09-09 17:09:35 INFO Saved changes to C:\Users\rusty\AppData\Local\Temp\opencode\tools_test.json
2026-09-09 17:09:35 INFO tools.json now has 5 sections; 1 change(s) applied.
2026-09-09 17:09:35 INFO ==== update_sections run finished ====
2026-09-09 17:09:35 INFO ==== update_sections run started ====
2026-09-09 17:09:35 INFO Tools file: C:\Users\rusty\AppData\Local\Temp\opencode\tools_test.json
2026-09-09 17:09:35 DEBUG Loading tools from: C:\Users\rusty\AppData\Local\Temp\opencode\tools_test.json
2026-09-09 17:09:35 DEBUG Loaded 5 sections
2026-09-09 17:09:35 DEBUG Converted section 'applications' tags into default sub-section
2026-09-09 17:09:35 INFO Added new sub-section 'applications/database_servers'
2026-09-09 17:09:35 DEBUG Saving tools to: C:\Users\rusty\AppData\Local\Temp\opencode\tools_test.json
2026-09-09 17:09:35 INFO Saved changes to C:\Users\rusty\AppData\Local\Temp\opencode\tools_test.json
2026-09-09 17:09:35 INFO tools.json now has 5 sections; 1 change(s) applied.
2026-09-09 17:09:35 INFO ==== update_sections run finished ====
2026-09-09 17:09:36 INFO ==== update_sections run started ====
2026-09-09 17:09:36 INFO Tools file: C:\Users\rusty\AppData\Local\Temp\opencode\tools_test.json
2026-09-09 17:09:36 DEBUG Loading tools from: C:\Users\rusty\AppData\Local\Temp\opencode\tools_test.json
2026-09-09 17:09:36 DEBUG Loaded 5 sections
2026-09-09 17:09:36 INFO Added tag 'mysql' to 'applications'
2026-09-09 17:09:36 DEBUG Saving tools to: C:\Users\rusty\AppData\Local\Temp\opencode\tools_test.json
2026-09-09 17:09:36 INFO Saved changes to C:\Users\rusty\AppData\Local\Temp\opencode\tools_test.json
2026-09-09 17:09:36 INFO tools.json now has 5 sections; 1 change(s) applied.
2026-09-09 17:09:36 INFO ==== update_sections run finished ====
2026-09-09 17:09:36 INFO ==== update_sections run started ====
2026-09-09 17:09:36 INFO Tools file: C:\Users\rusty\AppData\Local\Temp\opencode\tools_test.json
2026-09-09 17:09:36 DEBUG Loading tools from: C:\Users\rusty\AppData\Local\Temp\opencode\tools_test.json
2026-09-09 17:09:36 DEBUG Loaded 5 sections
2026-09-09 17:09:36 INFO Added tag 'sort' to 'new_section'
2026-09-09 17:09:36 DEBUG Saving tools to: C:\Users\rusty\AppData\Local\Temp\opencode\tools_test.json
2026-09-09 17:09:36 INFO Saved changes to C:\Users\rusty\AppData\Local\Temp\opencode\tools_test.json
2026-09-09 17:09:36 INFO tools.json now has 5 sections; 1 change(s) applied.
2026-09-09 17:09:36 INFO ==== update_sections run finished ====
2026-09-09 17:09:36 INFO ==== update_sections run started ====
2026-09-09 17:09:36 INFO Tools file: C:\Users\rusty\AppData\Local\Temp\opencode\tools_test.json
2026-09-09 17:09:36 DEBUG Loading tools from: C:\Users\rusty\AppData\Local\Temp\opencode\tools_test.json
2026-09-09 17:09:36 DEBUG Loaded 5 sections
2026-09-09 17:09:36 DEBUG Rebuilt section 'coding_languages' with 3 tags
2026-09-09 17:09:36 DEBUG Rebuilt section 'applications' with 2 sub-sections
2026-09-09 17:09:36 DEBUG Rebuilt section 'libraries_or_modules' with 7 tags
2026-09-09 17:09:36 DEBUG Rebuilt section 'miscellaneous' with 6 tags
2026-09-09 17:09:36 DEBUG Rebuilt section 'new_section' with 1 tags
2026-09-09 17:09:36 INFO Rebuilt tools.json
2026-09-09 17:09:36 DEBUG Saving tools to: C:\Users\rusty\AppData\Local\Temp\opencode\tools_test.json
2026-09-09 17:09:36 INFO Saved changes to C:\Users\rusty\AppData\Local\Temp\opencode\tools_test.json
2026-09-09 17:09:36 INFO tools.json now has 5 sections; 1 change(s) applied.
2026-09-09 17:09:36 INFO ==== update_sections run finished ====
2026-09-09 17:10:08 INFO ==== update_sections run started ====
2026-09-09 17:10:08 INFO Tools file: C:\Users\rusty\AppData\Local\Temp\opencode\tools_sub.json
2026-09-09 17:10:08 DEBUG Loading tools from: C:\Users\rusty\AppData\Local\Temp\opencode\tools_sub.json
2026-09-09 17:10:08 DEBUG Loaded 4 sections
2026-09-09 17:10:08 DEBUG Converted section 'applications' tags into default sub-section
2026-09-09 17:10:08 INFO Added new sub-section 'applications/database_servers'
2026-09-09 17:10:08 DEBUG Saving tools to: C:\Users\rusty\AppData\Local\Temp\opencode\tools_sub.json
2026-09-09 17:10:08 INFO Saved changes to C:\Users\rusty\AppData\Local\Temp\opencode\tools_sub.json
2026-09-09 17:10:08 INFO tools.json now has 4 sections; 1 change(s) applied.
2026-09-09 17:10:08 INFO ==== update_sections run finished ====
